// Jest Snapshot v1, https://goo.gl/fbAQLP

exports[`should render Header correctly 1`] = `
<header
  className="header"
>
  <div
    className="content-container"
  >
    <div
      className="header__content"
    >
      <Link
        className="header__title"
        replace={false}
        to="/dashboard"
      >
        <h1>
          TheWeeklyDrop
        </h1>
      </Link>
      <button
        className="button button--link"
        onClick={[Function]}
      >
        Logout
      </button>
    </div>
  </div>
  <Link
    replace={false}
    to="/create/client"
  >
    Add Client
  </Link>
  <Link
    replace={false}
    to="/clients"
  >
    Clients
  </Link>
</header>
`;
